// Jest Snapshot v1, https://goo.gl/fbAQLP

exports[`App Loading snapshot should match 1`] = `
<section
  className="not-found"
>
  <h1>
    Error 404
  </h1>
  <p>
    La pagina que est√°s busando no existe.
  </p>
  <a
    href="/"
    onClick={[Function]}
  >
    Vuelve a la pagina principal
  </a>
</section>
`;
